// Jest Snapshot v1, https://goo.gl/fbAQLP

exports[`DataSetTable should render properly 1`] = `
<div
  className="sc-bdfBwQ jkHGLF"
>
  <div
    className="DataSetTable"
    style={
      Object {
        "display": "flex",
        "justifyContent": "flex-end",
        "marginBottom": 10,
      }
    }
  >
    <div
      data-testid="keyword"
    />
    <span
      className="ant-input-group-wrapper ant-input-search"
      style={
        Object {
          "marginRight": 10,
          "width": 200,
        }
      }
    >
      <span
        className="ant-input-wrapper ant-input-group"
      >
        <input
          className="ant-input"
          id="keyword"
          onBlur={[Function]}
          onChange={[Function]}
          onFocus={[Function]}
          onKeyDown={[Function]}
          placeholder="input search text"
          style={null}
          type="text"
          value=""
        />
        <span
          className="ant-input-group-addon"
        >
          <button
            className="ant-btn ant-btn-icon-only ant-input-search-button"
            onClick={[Function]}
            onMouseDown={[Function]}
            type="button"
          >
            <span
              aria-label="search"
              className="anticon anticon-search"
              role="img"
            >
              <svg
                aria-hidden="true"
                data-icon="search"
                fill="currentColor"
                focusable="false"
                height="1em"
                viewBox="64 64 896 896"
                width="1em"
              >
                <path
                  d="M909.6 854.5L649.9 594.8C690.2 542.7 712 479 712 412c0-80.2-31.3-155.4-87.9-212.1-56.6-56.7-132-87.9-212.1-87.9s-155.5 31.3-212.1 87.9C143.2 256.5 112 331.8 112 412c0 80.1 31.3 155.5 87.9 212.1C256.5 680.8 331.8 712 412 712c67 0 130.6-21.8 182.7-62l259.7 259.6a8.2 8.2 0 0011.6 0l43.6-43.5a8.2 8.2 0 000-11.6zM570.4 570.4C528 612.7 471.8 636 412 636s-116-23.3-158.4-65.6C211.3 528 188 471.8 188 412s23.3-116.1 65.6-158.4C296 211.3 352.2 188 412 188s116.1 23.2 158.4 65.6S636 352.2 636 412s-23.3 116.1-65.6 158.4z"
                />
              </svg>
            </span>
          </button>
        </span>
      </span>
    </span>
    <button
      className="ant-btn ant-btn-primary"
      disabled={true}
      onClick={[Function]}
      style={
        Object {
          "width": 200,
        }
      }
      type="button"
    >
      <span
        className="ant-btn-loading-icon"
      >
        <span
          aria-label="loading"
          className="anticon anticon-loading anticon-spin"
          role="img"
        >
          <svg
            aria-hidden="true"
            data-icon="loading"
            fill="currentColor"
            focusable="false"
            height="1em"
            viewBox="0 0 1024 1024"
            width="1em"
          >
            <path
              d="M988 548c-19.9 0-36-16.1-36-36 0-59.4-11.6-117-34.6-171.3a440.45 440.45 0 00-94.3-139.9 437.71 437.71 0 00-139.9-94.3C629 83.6 571.4 72 512 72c-19.9 0-36-16.1-36-36s16.1-36 36-36c69.1 0 136.2 13.5 199.3 40.3C772.3 66 827 103 874 150c47 47 83.9 101.8 109.7 162.7 26.7 63.1 40.2 130.2 40.2 199.3.1 19.9-16 36-35.9 36z"
            />
          </svg>
        </span>
      </span>
      <span>
        Save Data
      </span>
    </button>
  </div>
  <div
    className="ant-table-wrapper sc-gsTCUz iCwCSC"
  >
    <div
      className="ant-spin-nested-loading"
    >
      <div
        className="ant-spin-container"
      >
        <div
          className="ant-table ant-table-empty ant-table-fixed-header"
        >
          <div
            className="ant-table-container"
          >
            <div
              className="ant-table-header"
              style={
                Object {
                  "overflow": "hidden",
                }
              }
            >
              <table
                style={
                  Object {
                    "tableLayout": "fixed",
                    "visibility": null,
                  }
                }
              >
                <colgroup />
                <thead
                  className="ant-table-thead"
                >
                  <tr>
                    <th
                      className="ant-table-cell"
                      colSpan={null}
                      rowSpan={null}
                      style={Object {}}
                    >
                      Dataset
                    </th>
                    <th
                      className="ant-table-cell"
                      colSpan={null}
                      rowSpan={null}
                      style={Object {}}
                    >
                      Owner
                    </th>
                  </tr>
                </thead>
              </table>
            </div>
            <div
              className="ant-table-body"
              onScroll={[Function]}
              style={
                Object {
                  "maxHeight": "60vh",
                  "overflowY": "scroll",
                }
              }
            >
              <table
                style={
                  Object {
                    "tableLayout": "fixed",
                  }
                }
              >
                <colgroup>
                  <col
                    style={
                      Object {
                        "minWidth": "80%",
                        "width": "80%",
                      }
                    }
                  />
                  <col
                    style={
                      Object {
                        "minWidth": "20%",
                        "width": "20%",
                      }
                    }
                  />
                </colgroup>
                <tbody
                  className="ant-table-tbody"
                >
                  <tr
                    aria-hidden="true"
                    className="ant-table-measure-row"
                    style={
                      Object {
                        "fontSize": 0,
                        "height": 0,
                      }
                    }
                  >
                    <td
                      style={
                        Object {
                          "border": 0,
                          "height": 0,
                          "padding": 0,
                        }
                      }
                    >
                      <div
                        style={
                          Object {
                            "height": 0,
                            "overflow": "hidden",
                          }
                        }
                      >
                         
                      </div>
                    </td>
                    <td
                      style={
                        Object {
                          "border": 0,
                          "height": 0,
                          "padding": 0,
                        }
                      }
                    >
                      <div
                        style={
                          Object {
                            "height": 0,
                            "overflow": "hidden",
                          }
                        }
                      >
                         
                      </div>
                    </td>
                  </tr>
                  <tr
                    className="ant-table-placeholder"
                    style={
                      Object {
                        "display": null,
                      }
                    }
                  >
                    <td
                      className="ant-table-cell"
                      colSpan={2}
                      rowSpan={null}
                      style={Object {}}
                    >
                      <div
                        className="ant-empty ant-empty-normal"
                      >
                        <div
                          className="ant-empty-image"
                        >
                          <svg
                            className="ant-empty-img-simple"
                            height="41"
                            viewBox="0 0 64 41"
                            width="64"
                            xmlns="http://www.w3.org/2000/svg"
                          >
                            <g
                              fill="none"
                              fillRule="evenodd"
                              transform="translate(0 1)"
                            >
                              <ellipse
                                className="ant-empty-img-simple-ellipse"
                                cx="32"
                                cy="33"
                                rx="32"
                                ry="7"
                              />
                              <g
                                className="ant-empty-img-simple-g"
                                fillRule="nonzero"
                              >
                                <path
                                  d="M55 12.76L44.854 1.258C44.367.474 43.656 0 42.907 0H21.093c-.749 0-1.46.474-1.947 1.257L9 12.761V22h46v-9.24z"
                                />
                                <path
                                  className="ant-empty-img-simple-path"
                                  d="M41.613 15.931c0-1.605.994-2.93 2.227-2.931H55v18.137C55 33.26 53.68 35 52.05 35h-40.1C10.32 35 9 33.259 9 31.137V13h11.16c1.233 0 2.227 1.323 2.227 2.928v.022c0 1.605 1.005 2.901 2.237 2.901h14.752c1.232 0 2.237-1.308 2.237-2.913v-.007z"
                                />
                              </g>
                            </g>
                          </svg>
                        </div>
                        <div
                          className="ant-empty-description"
                        >
                          No Data
                        </div>
                      </div>
                    </td>
                  </tr>
                </tbody>
              </table>
            </div>
          </div>
        </div>
      </div>
    </div>
  </div>
</div>
`;
